

================================================================
== Vitis HLS Report for 'ma'
================================================================
* Date:           Mon Aug 29 02:00:09 2022

* Version:        2020.2 (Build 3064766 on Wed Nov 18 09:12:45 MST 2020)
* Project:        MA_HLS
* Solution:       solution1 (Vivado IP Flow Target)
* Product family: artix7
* Target device:  xc7a200t-fbg676-2


================================================================
== Performance Estimates
================================================================
+ Timing: 
    * Summary: 
    +--------+----------+----------+------------+
    |  Clock |  Target  | Estimated| Uncertainty|
    +--------+----------+----------+------------+
    |ap_clk  |  10.00 ns|  7.224 ns|     2.70 ns|
    +--------+----------+----------+------------+

+ Latency: 
    * Summary: 
    +---------+---------+-----------+-----------+-----+-----+---------+
    |  Latency (cycles) |   Latency (absolute)  |  Interval | Pipeline|
    |   min   |   max   |    min    |    max    | min | max |   Type  |
    +---------+---------+-----------+-----------+-----+-----+---------+
    |        1|        1|  10.000 ns|  10.000 ns|    1|    1|      yes|
    +---------+---------+-----------+-----------+-----+-----+---------+

    + Detail: 
        * Instance: 
        N/A

        * Loop: 
        N/A



================================================================
== Utilization Estimates
================================================================
* Summary: 
+-----------------+---------+-----+--------+--------+-----+
|       Name      | BRAM_18K| DSP |   FF   |   LUT  | URAM|
+-----------------+---------+-----+--------+--------+-----+
|DSP              |        -|    -|       -|       -|    -|
|Expression       |        -|    -|       0|     172|    -|
|FIFO             |        -|    -|       -|       -|    -|
|Instance         |        -|    -|       -|       -|    -|
|Memory           |        -|    -|       -|       -|    -|
|Multiplexer      |        -|    -|       -|      13|    -|
|Register         |        -|    -|     493|       -|    -|
+-----------------+---------+-----+--------+--------+-----+
|Total            |        0|    0|     493|     185|    0|
+-----------------+---------+-----+--------+--------+-----+
|Available        |      730|  740|  269200|  134600|    0|
+-----------------+---------+-----+--------+--------+-----+
|Utilization (%)  |        0|    0|      ~0|      ~0|    0|
+-----------------+---------+-----+--------+--------+-----+

+ Detail: 
    * Instance: 
    N/A

    * DSP: 
    N/A

    * Memory: 
    N/A

    * FIFO: 
    N/A

    * Expression: 
    +------------------------+----------+----+---+----+------------+------------+
    |      Variable Name     | Operation| DSP| FF| LUT| Bitwidth P0| Bitwidth P1|
    +------------------------+----------+----+---+----+------------+------------+
    |add_ln691_fu_477_p2     |         +|   0|  0|  14|           6|           1|
    |ap_return               |         +|   0|  0|  20|          13|          13|
    |t_fu_519_p2             |         +|   0|  0|  33|          26|          26|
    |ret_V_fu_497_p2         |         -|   0|  0|  21|          14|          14|
    |sub_ln1148_1_fu_565_p2  |         -|   0|  0|  28|           1|          21|
    |sub_ln1148_fu_539_p2    |         -|   0|  0|  33|           1|          26|
    |r_V_fu_570_p3           |    select|   0|  0|  21|           1|          21|
    |ap_enable_pp0           |       xor|   0|  0|   2|           1|           2|
    +------------------------+----------+----+---+----+------------+------------+
    |Total                   |          |   0|  0| 172|          63|         124|
    +------------------------+----------+----+---+----+------------+------------+

    * Multiplexer: 
    +----------------------------------------+----+-----------+-----+-----------+
    |                  Name                  | LUT| Input Size| Bits| Total Bits|
    +----------------------------------------+----+-----------+-----+-----------+
    |ap_phi_mux_last_sample_V_phi_fu_137_p4  |  13|          3|   13|         39|
    +----------------------------------------+----+-----------+-----+-----------+
    |Total                                   |  13|          3|   13|         39|
    +----------------------------------------+----+-----------+-----+-----------+

    * Register: 
    +-------------------------+----+----+-----+-----------+
    |           Name          | FF | LUT| Bits| Const Bits|
    +-------------------------+----+----+-----+-----------+
    |accum                    |  26|   0|   26|          0|
    |ap_CS_fsm                |   1|   0|    1|          0|
    |ap_enable_reg_pp0_iter1  |   1|   0|    1|          0|
    |j                        |   6|   0|    6|          0|
    |memory_V_1               |  13|   0|   13|          0|
    |memory_V_10              |  13|   0|   13|          0|
    |memory_V_11              |  13|   0|   13|          0|
    |memory_V_12              |  13|   0|   13|          0|
    |memory_V_13              |  13|   0|   13|          0|
    |memory_V_14              |  13|   0|   13|          0|
    |memory_V_15              |  13|   0|   13|          0|
    |memory_V_16              |  13|   0|   13|          0|
    |memory_V_17              |  13|   0|   13|          0|
    |memory_V_18              |  13|   0|   13|          0|
    |memory_V_19              |  13|   0|   13|          0|
    |memory_V_2               |  13|   0|   13|          0|
    |memory_V_20              |  13|   0|   13|          0|
    |memory_V_21              |  13|   0|   13|          0|
    |memory_V_22              |  13|   0|   13|          0|
    |memory_V_23              |  13|   0|   13|          0|
    |memory_V_24              |  13|   0|   13|          0|
    |memory_V_25              |  13|   0|   13|          0|
    |memory_V_26              |  13|   0|   13|          0|
    |memory_V_27              |  13|   0|   13|          0|
    |memory_V_28              |  13|   0|   13|          0|
    |memory_V_29              |  13|   0|   13|          0|
    |memory_V_3               |  13|   0|   13|          0|
    |memory_V_30              |  13|   0|   13|          0|
    |memory_V_31              |  13|   0|   13|          0|
    |memory_V_32              |  13|   0|   13|          0|
    |memory_V_4               |  13|   0|   13|          0|
    |memory_V_5               |  13|   0|   13|          0|
    |memory_V_6               |  13|   0|   13|          0|
    |memory_V_7               |  13|   0|   13|          0|
    |memory_V_8               |  13|   0|   13|          0|
    |memory_V_9               |  13|   0|   13|          0|
    |tmp_1_reg_607            |   1|   0|    1|          0|
    |trunc_ln1148_1_reg_612   |  21|   0|   21|          0|
    |trunc_ln1148_2_reg_617   |  21|   0|   21|          0|
    +-------------------------+----+----+-----+-----------+
    |Total                    | 493|   0|  493|          0|
    +-------------------------+----+----+-----+-----------+



================================================================
== Interface
================================================================
* Summary: 
+-----------+-----+-----+--------------+--------------+--------------+
| RTL Ports | Dir | Bits|   Protocol   | Source Object|    C Type    |
+-----------+-----+-----+--------------+--------------+--------------+
|ap_clk     |   in|    1|  ap_ctrl_none|            ma|  return value|
|ap_rst     |   in|    1|  ap_ctrl_none|            ma|  return value|
|ap_return  |  out|   13|  ap_ctrl_none|            ma|  return value|
|sample     |   in|   13|       ap_none|        sample|        scalar|
+-----------+-----+-----+--------------+--------------+--------------+

